// Jest Snapshot v1, https://goo.gl/fbAQLP

exports[`missingValues should fill missing values with the previous existing value 1`] = `
Array [
  Object {
    "Date": "14-03-2020",
    "Kgrs": "108",
    "filled": false,
    "month": "March",
    "order": "03",
  },
  Object {
    "Date": "15-03-2020",
    "Kgrs": "108",
    "filled": true,
    "month": "March",
    "order": "03",
  },
  Object {
    "Date": "16-03-2020",
    "Kgrs": "108",
    "filled": true,
    "month": "March",
    "order": "03",
  },
  Object {
    "Date": "17-03-2020",
    "Kgrs": "108",
    "filled": true,
    "month": "March",
    "order": "03",
  },
  Object {
    "Date": "18-03-2020",
    "Kgrs": "108",
    "filled": true,
    "month": "March",
    "order": "03",
  },
  Object {
    "Date": "19-03-2020",
    "Kgrs": "108",
    "filled": true,
    "month": "March",
    "order": "03",
  },
  Object {
    "Date": "20-03-2020",
    "Kgrs": "108",
    "filled": true,
    "month": "March",
    "order": "03",
  },
  Object {
    "Date": "21-03-2020",
    "Kgrs": "108",
    "filled": true,
    "month": "March",
    "order": "03",
  },
  Object {
    "Date": "22-03-2020",
    "Kgrs": "108",
    "filled": true,
    "month": "March",
    "order": "03",
  },
  Object {
    "Date": "23-03-2020",
    "Kgrs": "108",
    "filled": true,
    "month": "March",
    "order": "03",
  },
  Object {
    "Date": "24-03-2020",
    "Kgrs": "108",
    "filled": true,
    "month": "March",
    "order": "03",
  },
  Object {
    "Date": "25-03-2020",
    "Kgrs": "108",
    "filled": true,
    "month": "March",
    "order": "03",
  },
  Object {
    "Date": "26-03-2020",
    "Kgrs": "108",
    "filled": true,
    "month": "March",
    "order": "03",
  },
  Object {
    "Date": "27-03-2020",
    "Kgrs": "108",
    "filled": true,
    "month": "March",
    "order": "03",
  },
  Object {
    "Date": "28-03-2020",
    "Kgrs": "108",
    "filled": true,
    "month": "March",
    "order": "03",
  },
  Object {
    "Date": "29-03-2020",
    "Kgrs": "108",
    "filled": true,
    "month": "March",
    "order": "03",
  },
  Object {
    "Date": "30-03-2020",
    "Kgrs": "108",
    "filled": true,
    "month": "March",
    "order": "03",
  },
  Object {
    "Date": "31-03-2020",
    "Kgrs": "108",
    "filled": true,
    "month": "March",
    "order": "03",
  },
  Object {
    "Date": "03-05-2020",
    "Kgrs": "104,9",
    "filled": false,
    "month": "May",
    "order": "05",
  },
  Object {
    "Date": "04-05-2020",
    "Kgrs": "104,9",
    "filled": true,
    "month": "May",
    "order": "05",
  },
  Object {
    "Date": "05-05-2020",
    "Kgrs": "104,9",
    "filled": true,
    "month": "May",
    "order": "05",
  },
  Object {
    "Date": "06-05-2020",
    "Kgrs": "104,9",
    "filled": true,
    "month": "May",
    "order": "05",
  },
  Object {
    "Date": "07-05-2020",
    "Kgrs": "104,9",
    "filled": true,
    "month": "May",
    "order": "05",
  },
  Object {
    "Date": "08-05-2020",
    "Kgrs": "104,9",
    "filled": true,
    "month": "May",
    "order": "05",
  },
  Object {
    "Date": "09-05-2020",
    "Kgrs": "104,9",
    "filled": true,
    "month": "May",
    "order": "05",
  },
  Object {
    "Date": "10-05-2020",
    "Kgrs": "104,9",
    "filled": true,
    "month": "May",
    "order": "05",
  },
  Object {
    "Date": "11-05-2020",
    "Kgrs": "104,9",
    "filled": true,
    "month": "May",
    "order": "05",
  },
  Object {
    "Date": "12-05-2020",
    "Kgrs": "103,6",
    "filled": false,
    "month": "May",
    "order": "05",
  },
  Object {
    "Date": "13-05-2020",
    "Kgrs": "103,6",
    "filled": true,
    "month": "May",
    "order": "05",
  },
  Object {
    "Date": "14-05-2020",
    "Kgrs": "103,6",
    "filled": true,
    "month": "May",
    "order": "05",
  },
  Object {
    "Date": "15-05-2020",
    "Kgrs": "103,6",
    "filled": true,
    "month": "May",
    "order": "05",
  },
  Object {
    "Date": "16-05-2020",
    "Kgrs": "103,6",
    "filled": true,
    "month": "May",
    "order": "05",
  },
  Object {
    "Date": "17-05-2020",
    "Kgrs": "103,6",
    "filled": true,
    "month": "May",
    "order": "05",
  },
  Object {
    "Date": "18-05-2020",
    "Kgrs": "104,7",
    "filled": false,
    "month": "May",
    "order": "05",
  },
  Object {
    "Date": "19-05-2020",
    "Kgrs": "104,2",
    "filled": false,
    "month": "May",
    "order": "05",
  },
  Object {
    "Date": "20-05-2020",
    "Kgrs": "104,2",
    "filled": false,
    "month": "May",
    "order": "05",
  },
  Object {
    "Date": "21-05-2020",
    "Kgrs": "104,2",
    "filled": false,
    "month": "May",
    "order": "05",
  },
  Object {
    "Date": "22-05-2020",
    "Kgrs": "103,7",
    "filled": false,
    "month": "May",
    "order": "05",
  },
  Object {
    "Date": "23-05-2020",
    "Kgrs": "103,7",
    "filled": false,
    "month": "May",
    "order": "05",
  },
  Object {
    "Date": "24-05-2020",
    "Kgrs": "103,2",
    "filled": false,
    "month": "May",
    "order": "05",
  },
  Object {
    "Date": "25-05-2020",
    "Kgrs": "102,8",
    "filled": false,
    "month": "May",
    "order": "05",
  },
  Object {
    "Date": "26-05-2020",
    "Kgrs": "103,1",
    "filled": false,
    "month": "May",
    "order": "05",
  },
  Object {
    "Date": "27-05-2020",
    "Kgrs": "103,1",
    "filled": true,
    "month": "May",
    "order": "05",
  },
  Object {
    "Date": "28-05-2020",
    "Kgrs": "103,1",
    "filled": true,
    "month": "May",
    "order": "05",
  },
  Object {
    "Date": "29-05-2020",
    "Kgrs": "103,1",
    "filled": true,
    "month": "May",
    "order": "05",
  },
  Object {
    "Date": "30-05-2020",
    "Kgrs": "103,1",
    "filled": true,
    "month": "May",
    "order": "05",
  },
  Object {
    "Date": "31-05-2020",
    "Kgrs": "103,1",
    "filled": true,
    "month": "May",
    "order": "05",
  },
]
`;
